Resolving dependencies...
Downloading packages...
  characters 1.4.0 (1.4.1 available)
  flutter_lints 5.0.0 (6.0.0 available)
  lints 5.1.1 (6.1.0 available)
  matcher 0.12.17 (0.12.18 available)
  material_color_utilities 0.11.1 (0.13.0 available)
  meta 1.16.0 (1.18.1 available)
  test_api 0.7.6 (0.7.9 available)
  url_launcher_web 2.4.1 (2.4.2 available)
Got dependencies!
8 packages have newer versions incompatible with dependency constraints.
Try `flutter pub outdated` for more information.
Analyzing ro_water...                                           

   info - 'withOpacity' is deprecated and shouldn't be used. Use .withValues() to avoid precision loss - lib\account_disabled_screen.dart:132:53 - deprecated_member_use
  error - The element type 'StatCard' can't be assigned to the list type 'Widget' - lib\admin_dashboard_screen.dart:69:17 - list_element_type_not_assignable
  error - The element type 'StatCard' can't be assigned to the list type 'Widget' - lib\admin_dashboard_screen.dart:76:17 - list_element_type_not_assignable
  error - The element type 'StatCard' can't be assigned to the list type 'Widget' - lib\admin_dashboard_screen.dart:83:17 - list_element_type_not_assignable
  error - The element type 'StatCard' can't be assigned to the list type 'Widget' - lib\admin_dashboard_screen.dart:90:17 - list_element_type_not_assignable
  error - The element type 'WeeklyBarChart' can't be assigned to the list type 'Widget' - lib\admin_dashboard_screen.dart:137:19 - list_element_type_not_assignable
  error - The element type 'QuickActionButton' can't be assigned to the list type 'Widget' - lib\admin_dashboard_screen.dart:152:13 - list_element_type_not_assignable
  error - The element type 'QuickActionButton' can't be assigned to the list type 'Widget' - lib\admin_dashboard_screen.dart:161:13 - list_element_type_not_assignable
   info - 'withOpacity' is deprecated and shouldn't be used. Use .withValues() to avoid precision loss - lib\splash_screen.dart:43:45 - deprecated_member_use
  error - Classes can only extend other classes - lib\widgets\quick_action_button.dart:1:33 - extends_non_class
  error - Undefined class 'Color' - lib\widgets\quick_action_button.dart:3:9 - undefined_class
  error - Undefined class 'IconData' - lib\widgets\quick_action_button.dart:4:9 - undefined_class
  error - No associated named super constructor parameter - lib\widgets\quick_action_button.dart:7:11 - super_formal_parameter_without_associated_named
  error - Undefined class 'Widget' - lib\widgets\quick_action_button.dart:15:3 - undefined_class
warning - The method doesn't override an inherited method - lib\widgets\quick_action_button.dart:15:10 - override_on_non_overriding_member
  error - Undefined class 'BuildContext' - lib\widgets\quick_action_button.dart:15:16 - undefined_class
  error - The method 'Container' isn't defined for the type 'QuickActionButton' - lib\widgets\quick_action_button.dart:16:12 - undefined_method
  error - The name 'all' isn't a class - lib\widgets\quick_action_button.dart:17:22 - creation_with_non_type
  error - The method 'BoxDecoration' isn't defined for the type 'QuickActionButton' - lib\widgets\quick_action_button.dart:18:19 - undefined_method
  error - Undefined name 'BorderRadius' - lib\widgets\quick_action_button.dart:20:23 - undefined_identifier
  error - The method 'Row' isn't defined for the type 'QuickActionButton' - lib\widgets\quick_action_button.dart:22:14 - undefined_method
  error - The method 'CircleAvatar' isn't defined for the type 'QuickActionButton' - lib\widgets\quick_action_button.dart:24:11 - undefined_method
  error - Undefined name 'Colors' - lib\widgets\quick_action_button.dart:25:30 - undefined_identifier
  error - The method 'Icon' isn't defined for the type 'QuickActionButton' - lib\widgets\quick_action_button.dart:26:20 - undefined_method
  error - Undefined name 'Colors' - lib\widgets\quick_action_button.dart:26:38 - undefined_identifier
  error - The name 'SizedBox' isn't a class - lib\widgets\quick_action_button.dart:28:17 - creation_with_non_type
  error - The method 'Expanded' isn't defined for the type 'QuickActionButton' - lib\widgets\quick_action_button.dart:29:11 - undefined_method
  error - The method 'Column' isn't defined for the type 'QuickActionButton' - lib\widgets\quick_action_button.dart:30:20 - undefined_method
  error - Undefined name 'CrossAxisAlignment' - lib\widgets\quick_action_button.dart:31:35 - undefined_identifier
  error - The method 'Text' isn't defined for the type 'QuickActionButton' - lib\widgets\quick_action_button.dart:33:17 - undefined_method
  error - The name 'TextStyle' isn't a class - lib\widgets\quick_action_button.dart:35:32 - creation_with_non_type
  error - Undefined name 'Colors' - lib\widgets\quick_action_button.dart:36:28 - undefined_identifier
  error - Undefined name 'FontWeight' - lib\widgets\quick_action_button.dart:38:33 - undefined_identifier
  error - The name 'SizedBox' isn't a class - lib\widgets\quick_action_button.dart:41:23 - creation_with_non_type
  error - The method 'Text' isn't defined for the type 'QuickActionButton' - lib\widgets\quick_action_button.dart:42:17 - undefined_method
  error - The name 'TextStyle' isn't a class - lib\widgets\quick_action_button.dart:44:32 - creation_with_non_type
  error - Undefined name 'Colors' - lib\widgets\quick_action_button.dart:44:49 - undefined_identifier
  error - The name 'Icon' isn't a class - lib\widgets\quick_action_button.dart:49:17 - creation_with_non_type
  error - Undefined name 'Icons' - lib\widgets\quick_action_button.dart:49:22 - undefined_identifier
  error - Undefined name 'Colors' - lib\widgets\quick_action_button.dart:49:50 - undefined_identifier
  error - Classes can only extend other classes - lib\widgets\stat_card.dart:1:24 - extends_non_class
  error - Undefined class 'Color' - lib\widgets\stat_card.dart:3:9 - undefined_class
  error - Undefined class 'IconData' - lib\widgets\stat_card.dart:4:9 - undefined_class
  error - No associated named super constructor parameter - lib\widgets\stat_card.dart:7:11 - super_formal_parameter_without_associated_named
  error - Undefined class 'Widget' - lib\widgets\stat_card.dart:16:3 - undefined_class
warning - The method doesn't override an inherited method - lib\widgets\stat_card.dart:16:10 - override_on_non_overriding_member
  error - Undefined class 'BuildContext' - lib\widgets\stat_card.dart:16:16 - undefined_class
  error - The method 'Container' isn't defined for the type 'StatCard' - lib\widgets\stat_card.dart:17:12 - undefined_method
  error - The name 'all' isn't a class - lib\widgets\stat_card.dart:18:22 - creation_with_non_type
  error - The method 'BoxDecoration' isn't defined for the type 'StatCard' - lib\widgets\stat_card.dart:19:19 - undefined_method
  error - Undefined name 'Colors' - lib\widgets\stat_card.dart:20:16 - undefined_identifier
  error - Undefined name 'BorderRadius' - lib\widgets\stat_card.dart:21:23 - undefined_identifier
  error - The method 'Column' isn't defined for the type 'StatCard' - lib\widgets\stat_card.dart:23:14 - undefined_method
  error - Undefined name 'CrossAxisAlignment' - lib\widgets\stat_card.dart:24:29 - undefined_identifier
  error - The method 'CircleAvatar' isn't defined for the type 'StatCard' - lib\widgets\stat_card.dart:26:11 - undefined_method
  error - The method 'Icon' isn't defined for the type 'StatCard' - lib\widgets\stat_card.dart:28:20 - undefined_method
  error - The name 'SizedBox' isn't a class - lib\widgets\stat_card.dart:30:17 - creation_with_non_type
  error - The method 'Text' isn't defined for the type 'StatCard' - lib\widgets\stat_card.dart:31:11 - undefined_method
  error - The name 'TextStyle' isn't a class - lib\widgets\stat_card.dart:31:36 - creation_with_non_type
  error - Undefined name 'Colors' - lib\widgets\stat_card.dart:31:67 - undefined_identifier
  error - The name 'SizedBox' isn't a class - lib\widgets\stat_card.dart:32:17 - creation_with_non_type
  error - The method 'Text' isn't defined for the type 'StatCard' - lib\widgets\stat_card.dart:33:11 - undefined_method
  error - The name 'TextStyle' isn't a class - lib\widgets\stat_card.dart:35:26 - creation_with_non_type
  error - Undefined name 'FontWeight' - lib\widgets\stat_card.dart:35:62 - undefined_identifier
  error - The name 'Spacer' isn't a class - lib\widgets\stat_card.dart:37:17 - creation_with_non_type
  error - The method 'Text' isn't defined for the type 'StatCard' - lib\widgets\stat_card.dart:38:11 - undefined_method
  error - The method 'TextStyle' isn't defined for the type 'StatCard' - lib\widgets\stat_card.dart:40:20 - undefined_method
  error - Undefined name 'Colors' - lib\widgets\stat_card.dart:41:47 - undefined_identifier
  error - Undefined name 'Colors' - lib\widgets\stat_card.dart:41:60 - undefined_identifier
  error - Classes can only extend other classes - lib\widgets\weekly_bar_chart.dart:1:30 - extends_non_class
  error - No associated named super constructor parameter - lib\widgets\weekly_bar_chart.dart:2:31 - super_formal_parameter_without_associated_named
  error - Undefined class 'Widget' - lib\widgets\weekly_bar_chart.dart:5:3 - undefined_class
warning - The method doesn't override an inherited method - lib\widgets\weekly_bar_chart.dart:5:10 - override_on_non_overriding_member
  error - Undefined class 'BuildContext' - lib\widgets\weekly_bar_chart.dart:5:16 - undefined_class
  error - The method 'Row' isn't defined for the type 'WeeklyBarChart' - lib\widgets\weekly_bar_chart.dart:8:12 - undefined_method
  error - Undefined name 'MainAxisAlignment' - lib\widgets\weekly_bar_chart.dart:9:26 - undefined_identifier
  error - The method 'Column' isn't defined for the type 'WeeklyBarChart' - lib\widgets\weekly_bar_chart.dart:11:16 - undefined_method
  error - The method 'Container' isn't defined for the type 'WeeklyBarChart' - lib\widgets\weekly_bar_chart.dart:13:13 - undefined_method
  error - The method 'BoxDecoration' isn't defined for the type 'WeeklyBarChart' - lib\widgets\weekly_bar_chart.dart:16:27 - undefined_method
  error - Undefined name 'Colors' - lib\widgets\weekly_bar_chart.dart:17:37 - undefined_identifier
  error - Undefined name 'Colors' - lib\widgets\weekly_bar_chart.dart:17:51 - undefined_identifier
  error - Undefined name 'BorderRadius' - lib\widgets\weekly_bar_chart.dart:18:31 - undefined_identifier
  error - The name 'SizedBox' isn't a class - lib\widgets\weekly_bar_chart.dart:21:19 - creation_with_non_type
  error - The method 'Text' isn't defined for the type 'WeeklyBarChart' - lib\widgets\weekly_bar_chart.dart:22:13 - undefined_method
  error - The name 'TextStyle' isn't a class - lib\widgets\weekly_bar_chart.dart:24:28 - creation_with_non_type

